<?xml version="1.0" encoding="UTF-8"?>
<model>
    <class name="A" kind="abstract">
        <class name="C" kind="abstract">
            <class name="D" kind="abstract" />
        </class>
    </class>
    <class name="B" kind="concrete">
        <class name="D" kind="abstract" />
    </class>
</model>
