<?xml version="1.0" encoding="UTF-8"?>
<class name="C" kind="abstract">
    <private>
        <methods>
            <method name="foo" type="int" scope="instance">
                <virtual pure="yes" />
                <arguments></arguments>
            </method>
        </methods>
    </private>
</class>
