<?xml version="1.0" encoding="UTF-8"?>
<model>
    <class name="A" kind="abstract">
        <private>
            <methods>
                <method name="foo" type="int" scope="instance">
                    <virtual pure="yes" />
                    <arguments></arguments>
                </method>
            </methods>
        </private> 
    </class>
    <class name="C" kind="abstract">
        <inheritance>
            <from name="A" privacy="private" />
        </inheritance>
        <public>
            <attributes>
                <attribute name="var" type="int" scope="instance" />
            </attributes>
        </public>
        <private>
            <methods>
                <method name="foo" type="int" scope="instance">
                    <from name="A" />
                    <virtual pure="yes" />
                    <arguments></arguments>
                </method>
            </methods>
        </private>
    </class>
    <class name="B" kind="concrete">
    </class>
    <class name="D" kind="abstract">
        <inheritance>
            <from name="C" privacy="protected" />
            <from name="B" privacy="private" />
        </inheritance>
        <protected>
            <attributes>
                <attribute name="var" type="int" scope="instance">
                    <from name="C" />
                </attribute>
            </attributes>
        </protected>
        <private>
            <methods>
                <method name="foo" type="int" scope="instance">
                    <from name="A" />
                    <virtual pure="yes" />
                    <arguments></arguments>
                </method>
            </methods>
        </private>
    </class>
</model>
